Archive member included because of file (symbol)

/usr/bin/../lib/gcc/arm-none-eabi/4.9.3/../../../../arm-none-eabi/lib/armv7e-m/libg_nano.a(lib_a-errno.o)
                              ./system/src/newlib/_sbrk.o (__errno)
/usr/bin/../lib/gcc/arm-none-eabi/4.9.3/../../../../arm-none-eabi/lib/armv7e-m/libg_nano.a(lib_a-impure.o)
                              /usr/bin/../lib/gcc/arm-none-eabi/4.9.3/../../../../arm-none-eabi/lib/armv7e-m/libg_nano.a(lib_a-errno.o) (_impure_ptr)
/usr/bin/../lib/gcc/arm-none-eabi/4.9.3/../../../../arm-none-eabi/lib/armv7e-m/libg_nano.a(lib_a-sprintf.o)
                              ./src/main.o (sprintf)
/usr/bin/../lib/gcc/arm-none-eabi/4.9.3/../../../../arm-none-eabi/lib/armv7e-m/libg_nano.a(lib_a-strlen.o)
                              ./system/src/diag/Trace.o (strlen)
/usr/bin/../lib/gcc/arm-none-eabi/4.9.3/../../../../arm-none-eabi/lib/armv7e-m/libg_nano.a(lib_a-vsnprintf.o)
                              ./system/src/diag/Trace.o (vsnprintf)
/usr/bin/../lib/gcc/arm-none-eabi/4.9.3/../../../../arm-none-eabi/lib/armv7e-m/libg_nano.a(lib_a-nano-svfprintf.o)
                              /usr/bin/../lib/gcc/arm-none-eabi/4.9.3/../../../../arm-none-eabi/lib/armv7e-m/libg_nano.a(lib_a-sprintf.o) (_svfprintf_r)
/usr/bin/../lib/gcc/arm-none-eabi/4.9.3/../../../../arm-none-eabi/lib/armv7e-m/libg_nano.a(lib_a-nano-vfprintf_i.o)
                              /usr/bin/../lib/gcc/arm-none-eabi/4.9.3/../../../../arm-none-eabi/lib/armv7e-m/libg_nano.a(lib_a-nano-svfprintf.o) (_printf_i)
/usr/bin/../lib/gcc/arm-none-eabi/4.9.3/../../../../arm-none-eabi/lib/armv7e-m/libg_nano.a(lib_a-memchr.o)
                              /usr/bin/../lib/gcc/arm-none-eabi/4.9.3/../../../../arm-none-eabi/lib/armv7e-m/libg_nano.a(lib_a-nano-svfprintf.o) (memchr)
/usr/bin/../lib/gcc/arm-none-eabi/4.9.3/../../../../arm-none-eabi/lib/armv7e-m/libg_nano.a(lib_a-memcpy.o)
                              /usr/bin/../lib/gcc/arm-none-eabi/4.9.3/../../../../arm-none-eabi/lib/armv7e-m/libg_nano.a(lib_a-nano-svfprintf.o) (memcpy)
/usr/bin/../lib/gcc/arm-none-eabi/4.9.3/../../../../arm-none-eabi/lib/armv7e-m/libg_nano.a(lib_a-memmove.o)
                              /usr/bin/../lib/gcc/arm-none-eabi/4.9.3/../../../../arm-none-eabi/lib/armv7e-m/libg_nano.a(lib_a-nano-svfprintf.o) (memmove)
/usr/bin/../lib/gcc/arm-none-eabi/4.9.3/../../../../arm-none-eabi/lib/armv7e-m/libg_nano.a(lib_a-nano-freer.o)
                              /usr/bin/../lib/gcc/arm-none-eabi/4.9.3/../../../../arm-none-eabi/lib/armv7e-m/libg_nano.a(lib_a-nano-svfprintf.o) (_free_r)
/usr/bin/../lib/gcc/arm-none-eabi/4.9.3/../../../../arm-none-eabi/lib/armv7e-m/libg_nano.a(lib_a-nano-mallocr.o)
                              /usr/bin/../lib/gcc/arm-none-eabi/4.9.3/../../../../arm-none-eabi/lib/armv7e-m/libg_nano.a(lib_a-nano-svfprintf.o) (_malloc_r)
/usr/bin/../lib/gcc/arm-none-eabi/4.9.3/../../../../arm-none-eabi/lib/armv7e-m/libg_nano.a(lib_a-nano-reallocr.o)
                              /usr/bin/../lib/gcc/arm-none-eabi/4.9.3/../../../../arm-none-eabi/lib/armv7e-m/libg_nano.a(lib_a-nano-svfprintf.o) (_realloc_r)
/usr/bin/../lib/gcc/arm-none-eabi/4.9.3/../../../../arm-none-eabi/lib/armv7e-m/libg_nano.a(lib_a-sbrkr.o)
                              /usr/bin/../lib/gcc/arm-none-eabi/4.9.3/../../../../arm-none-eabi/lib/armv7e-m/libg_nano.a(lib_a-nano-mallocr.o) (_sbrk_r)
/usr/bin/../lib/gcc/arm-none-eabi/4.9.3/../../../../arm-none-eabi/lib/armv7e-m/libg_nano.a(lib_a-nano-msizer.o)
                              /usr/bin/../lib/gcc/arm-none-eabi/4.9.3/../../../../arm-none-eabi/lib/armv7e-m/libg_nano.a(lib_a-nano-reallocr.o) (_malloc_usable_size_r)

Allocating common symbols
Common symbol       size              file

errno               0x4               ./system/src/newlib/_syscalls.o
pFlash              0x20              ./system/src/stm32f4-hal/stm32f4xx_hal_flash.o
huart2              0x40              ./src/main.o

Discarded input sections

 .group         0x0000000000000000        0x8 ./system/src/stm32f4-hal/stm32f4xx_hal.o
 .group         0x0000000000000000        0x8 ./system/src/stm32f4-hal/stm32f4xx_hal.o
 .group         0x0000000000000000        0x8 ./system/src/stm32f4-hal/stm32f4xx_hal.o
 .group         0x0000000000000000        0x8 ./system/src/stm32f4-hal/stm32f4xx_hal.o
 .group         0x0000000000000000        0x8 ./system/src/stm32f4-hal/stm32f4xx_hal.o
 .group         0x0000000000000000        0x8 ./system/src/stm32f4-hal/stm32f4xx_hal.o
 .group         0x0000000000000000        0x8 ./system/src/stm32f4-hal/stm32f4xx_hal.o
 .group         0x0000000000000000        0x8 ./system/src/stm32f4-hal/stm32f4xx_hal.o
 .group         0x0000000000000000        0x8 ./system/src/stm32f4-hal/stm32f4xx_hal.o
 .group         0x0000000000000000        0x8 ./system/src/stm32f4-hal/stm32f4xx_hal.o
 .group         0x0000000000000000        0x8 ./system/src/stm32f4-hal/stm32f4xx_hal.o
[...]
Memory Configuration

Name             Origin             Length             Attributes
RAM              0x0000000020000000 0x0000000000010000 xrw
CCMRAM           0x0000000010000000 0x0000000000000000 xrw
FLASH            0x0000000008000000 0x0000000000080000 xr
FLASHB1          0x0000000000000000 0x0000000000000000 xr
EXTMEMB0         0x0000000000000000 0x0000000000000000 xr
EXTMEMB1         0x0000000000000000 0x0000000000000000 xr
EXTMEMB2         0x0000000000000000 0x0000000000000000 xr
EXTMEMB3         0x0000000000000000 0x0000000000000000 xr
*default*        0x0000000000000000 0xffffffffffffffff

Linker script and memory map

LOAD ./system/src/stm32f4-hal/stm32f4xx_hal.o
LOAD ./system/src/stm32f4-hal/stm32f4xx_hal_cortex.o
LOAD ./system/src/stm32f4-hal/stm32f4xx_hal_flash.o
LOAD ./system/src/stm32f4-hal/stm32f4xx_hal_gpio.o
LOAD ./system/src/stm32f4-hal/stm32f4xx_hal_iwdg.o
LOAD ./system/src/stm32f4-hal/stm32f4xx_hal_pwr.o
LOAD ./system/src/stm32f4-hal/stm32f4xx_hal_rcc.o
LOAD ./system/src/newlib/_cxx.o
LOAD ./system/src/newlib/_exit.o
LOAD ./system/src/newlib/_sbrk.o
LOAD ./system/src/newlib/_startup.o
LOAD ./system/src/newlib/_syscalls.o
LOAD ./system/src/newlib/assert.o
LOAD ./system/src/diag/Trace.o
LOAD ./system/src/diag/trace_impl.o
LOAD ./system/src/cortexm/_initialize_hardware.o
LOAD ./system/src/cortexm/_reset_hardware.o
LOAD ./system/src/cortexm/exception_handlers.o
LOAD ./system/src/cmsis/system_stm32f4xx.o
LOAD ./system/src/cmsis/vectors_stm32f401xe.o
LOAD ./src/_initialize_hardware.o
LOAD ./src/_write.o
LOAD ./src/main.o
LOAD ./src/stm32f4xx_hal_msp.o
LOAD ./src/stm32f4xx_hal_uart.o
LOAD /usr/bin/../lib/gcc/arm-none-eabi/4.9.3/../../../../arm-none-eabi/lib/armv7e-m/libstdc++_nano.a
LOAD /usr/bin/../lib/gcc/arm-none-eabi/4.9.3/../../../../arm-none-eabi/lib/armv7e-m/libm.a
START GROUP
LOAD /usr/bin/../lib/gcc/arm-none-eabi/4.9.3/armv7e-m/libgcc.a
LOAD /usr/bin/../lib/gcc/arm-none-eabi/4.9.3/../../../../arm-none-eabi/lib/armv7e-m/libg_nano.a
LOAD /usr/bin/../lib/gcc/arm-none-eabi/4.9.3/../../../../arm-none-eabi/lib/armv7e-m/libc_nano.a
END GROUP
START GROUP
LOAD /usr/bin/../lib/gcc/arm-none-eabi/4.9.3/armv7e-m/libgcc.a
LOAD /usr/bin/../lib/gcc/arm-none-eabi/4.9.3/../../../../arm-none-eabi/lib/armv7e-m/libc_nano.a
END GROUP
                0x0000000020010000                __stack = (ORIGIN (RAM) + 0x10000)
                0x0000000020010000                _estack = __stack
                0x0000000000000400                __Main_Stack_Size = 0x400
                0x0000000000000400                PROVIDE (_Main_Stack_Size, __Main_Stack_Size)
                0x000000002000fc00                __Main_Stack_Limit = (__stack - __Main_Stack_Size)
                0x000000002000fc00                PROVIDE (_Main_Stack_Limit, __Main_Stack_Limit)
                0x0000000000000100                _Minimum_Stack_Size = 0x100
                0x000000002000015c                PROVIDE (_Heap_Begin, _end_noinit)
                0x000000002000fc00                PROVIDE (_Heap_Limit, (__stack - __Main_Stack_Size))

.isr_vector     0x0000000008000000      0x400
 FILL mask 0xff
                0x0000000008000000                __vectors_start = ABSOLUTE (.)
                0x0000000008000000                __vectors_start__ = ABSOLUTE (.)
 *(.isr_vector)
 .isr_vector    0x0000000008000000      0x194 ./system/src/cmsis/vectors_stm32f401xe.o
                0x0000000008000000                __isr_vectors
 *(.cfmconfig)
 *(.after_vectors .after_vectors.*)
 .after_vectors
                0x0000000008000194      0x130 ./system/src/newlib/_startup.o
                0x0000000008000194                _start
 .after_vectors
                0x00000000080002c4      0x130 ./system/src/cortexm/exception_handlers.o
                0x00000000080002c4                Reset_Handler
                0x00000000080002cc                NMI_Handler
                0x00000000080002d0                HardFault_Handler
                0x00000000080002e4                HardFault_Handler_C
                0x0000000008000344                MemManage_Handler
                0x0000000008000348                BusFault_Handler
                0x000000000800035c                BusFault_Handler_C
                0x0000000008000390                UsageFault_Handler
                0x00000000080003a4                UsageFault_Handler_C
                0x00000000080003d8                SVC_Handler
                0x00000000080003dc                DebugMon_Handler
                0x00000000080003e0                PendSV_Handler
 .after_vectors
                0x00000000080003f4        0x4 ./system/src/cmsis/vectors_stm32f401xe.o
                0x00000000080003f4                RTC_Alarm_IRQHandler
                0x00000000080003f4                EXTI2_IRQHandler
                0x00000000080003f4                SPI4_IRQHandler
                0x00000000080003f4                TIM1_CC_IRQHandler
                0x00000000080003f4                DMA2_Stream5_IRQHandler
                0x00000000080003f4                DMA1_Stream5_IRQHandler
                0x00000000080003f4                PVD_IRQHandler
                0x00000000080003f4                SDIO_IRQHandler
                0x00000000080003f4                TAMP_STAMP_IRQHandler
                0x00000000080003f4                EXTI3_IRQHandler
                0x00000000080003f4                TIM1_UP_TIM10_IRQHandler
                0x00000000080003f4                I2C3_ER_IRQHandler
                0x00000000080003f4                EXTI0_IRQHandler
                0x00000000080003f4                I2C2_EV_IRQHandler
                0x00000000080003f4                DMA1_Stream2_IRQHandler
                0x00000000080003f4                FPU_IRQHandler
                0x00000000080003f4                DMA2_Stream2_IRQHandler
                0x00000000080003f4                SPI1_IRQHandler
                0x00000000080003f4                TIM1_BRK_TIM9_IRQHandler
                0x00000000080003f4                DMA2_Stream3_IRQHandler
                0x00000000080003f4                USART6_IRQHandler
                0x00000000080003f4                DMA2_Stream0_IRQHandler
                0x00000000080003f4                TIM4_IRQHandler
                0x00000000080003f4                I2C1_EV_IRQHandler
                0x00000000080003f4                DMA1_Stream6_IRQHandler
                0x00000000080003f4                DMA1_Stream1_IRQHandler
                0x00000000080003f4                TIM3_IRQHandler
                0x00000000080003f4                RCC_IRQHandler
                0x00000000080003f4                Default_Handler
                0x00000000080003f4                EXTI15_10_IRQHandler
                0x00000000080003f4                ADC_IRQHandler
                0x00000000080003f4                DMA1_Stream7_IRQHandler
                0x00000000080003f4                TIM5_IRQHandler
                0x00000000080003f4                DMA2_Stream7_IRQHandler
                0x00000000080003f4                I2C3_EV_IRQHandler
                0x00000000080003f4                EXTI9_5_IRQHandler
                0x00000000080003f4                RTC_WKUP_IRQHandler
                0x00000000080003f4                SPI2_IRQHandler
                0x00000000080003f4                DMA1_Stream0_IRQHandler
                0x00000000080003f4                EXTI4_IRQHandler
                0x00000000080003f4                WWDG_IRQHandler
                0x00000000080003f4                TIM2_IRQHandler
                0x00000000080003f4                OTG_FS_WKUP_IRQHandler
                0x00000000080003f4                TIM1_TRG_COM_TIM11_IRQHandler
                0x00000000080003f4                EXTI1_IRQHandler
                0x00000000080003f4                USART2_IRQHandler
                0x00000000080003f4                I2C2_ER_IRQHandler
                0x00000000080003f4                DMA2_Stream1_IRQHandler
                0x00000000080003f4                FLASH_IRQHandler
                0x00000000080003f4                DMA2_Stream4_IRQHandler
                0x00000000080003f4                USART1_IRQHandler
                0x00000000080003f4                OTG_FS_IRQHandler
                0x00000000080003f4                SPI3_IRQHandler
                0x00000000080003f4                DMA1_Stream4_IRQHandler
                0x00000000080003f4                I2C1_ER_IRQHandler
                0x00000000080003f4                DMA2_Stream6_IRQHandler
                0x00000000080003f4                DMA1_Stream3_IRQHandler
 .after_vectors
                0x00000000080003f8        0x8 ./src/_initialize_hardware.o
                0x00000000080003f8                SysTick_Handler

.inits          0x0000000008000400       0x28
                0x0000000008000400                __data_regions_array_start = .
                0x0000000008000400        0x4 LONG 0x8002874 LOADADDR (.data)
                0x0000000008000404        0x4 LONG 0x20000000 ADDR (.data)
                0x0000000008000408        0x4 LONG 0x20000078 (ADDR (.data) + SIZEOF (.data))
                0x000000000800040c        0x4 LONG 0x8002874 LOADADDR (.data_CCMRAM)
                0x0000000008000410        0x4 LONG 0x10000000 ADDR (.data_CCMRAM)
                0x0000000008000414        0x4 LONG 0x10000000 (ADDR (.data_CCMRAM) + SIZEOF (.data_CCMRAM))
                0x0000000008000418                __data_regions_array_end = .
                0x0000000008000418                __bss_regions_array_start = .
                0x0000000008000418        0x4 LONG 0x20000078 ADDR (.bss)
                0x000000000800041c        0x4 LONG 0x2000015c (ADDR (.bss) + SIZEOF (.bss))
                0x0000000008000420        0x4 LONG 0x10000000 ADDR (.bss_CCMRAM)
                0x0000000008000424        0x4 LONG 0x10000000 (ADDR (.bss_CCMRAM) + SIZEOF (.bss_CCMRAM))
                0x0000000008000428                __bss_regions_array_end = .
 *(.init)
 *(.fini)
                0x0000000008000428                . = ALIGN (0x4)
                0x0000000008000428                PROVIDE (__preinit_array_start, .)
 *(.preinit_array_sysinit .preinit_array_sysinit.*)
 *(.preinit_array_platform .preinit_array_platform.*)
 *(.preinit_array .preinit_array.*)
                0x0000000008000428                PROVIDE (__preinit_array_end, .)
                0x0000000008000428                . = ALIGN (0x4)
                0x0000000008000428                PROVIDE (__init_array_start, .)
 *(SORT(.init_array.*))
 *(.init_array)
                0x0000000008000428                PROVIDE (__init_array_end, .)
                0x0000000008000428                . = ALIGN (0x4)
                0x0000000008000428                PROVIDE (__fini_array_start, .)
 *(SORT(.fini_array.*))
 *(.fini_array)
                0x0000000008000428                PROVIDE (__fini_array_end, .)

.flashtext
 *(.flashtext .flashtext.*)

.text           0x0000000008000428     0x2449
 *(.text .text.*)
 .text.HAL_InitTick
                0x0000000008000428       0x28 ./system/src/stm32f4-hal/stm32f4xx_hal.o
                0x0000000008000428                HAL_InitTick
 .text.HAL_Init
                0x0000000008000450       0x34 ./system/src/stm32f4-hal/stm32f4xx_hal.o
                0x0000000008000450                HAL_Init
 .text.HAL_IncTick
                0x0000000008000484       0x10 ./system/src/stm32f4-hal/stm32f4xx_hal.o
                0x0000000008000484                HAL_IncTick
 .text.HAL_GetTick
                0x0000000008000494        0xc ./system/src/stm32f4-hal/stm32f4xx_hal.o
                0x0000000008000494                HAL_GetTick
 .text.HAL_Delay
                0x00000000080004a0       0x1c ./system/src/stm32f4-hal/stm32f4xx_hal.o
                0x00000000080004a0                HAL_Delay
 .text.HAL_NVIC_SetPriorityGrouping
                0x00000000080004bc       0x3c ./system/src/stm32f4-hal/stm32f4xx_hal_cortex.o
                0x00000000080004bc                HAL_NVIC_SetPriorityGrouping
 .text.HAL_NVIC_SetPriority
                0x00000000080004f8       0x84 ./system/src/stm32f4-hal/stm32f4xx_hal_cortex.o
                0x00000000080004f8                HAL_NVIC_SetPriority
 .text.HAL_SYSTICK_Config
                0x000000000800057c       0x2c ./system/src/stm32f4-hal/stm32f4xx_hal_cortex.o
                0x000000000800057c                HAL_SYSTICK_Config
 .text.HAL_SYSTICK_CLKSourceConfig
                0x00000000080005a8       0x38 ./system/src/stm32f4-hal/stm32f4xx_hal_cortex.o
                0x00000000080005a8                HAL_SYSTICK_CLKSourceConfig
 .text.HAL_GPIO_Init
                0x00000000080005e0      0x2bc ./system/src/stm32f4-hal/stm32f4xx_hal_gpio.o
                0x00000000080005e0                HAL_GPIO_Init
 .text.HAL_GPIO_ReadPin
                0x000000000800089c       0x24 ./system/src/stm32f4-hal/stm32f4xx_hal_gpio.o
                0x000000000800089c                HAL_GPIO_ReadPin
 .text.HAL_GPIO_TogglePin
                0x00000000080008c0       0x20 ./system/src/stm32f4-hal/stm32f4xx_hal_gpio.o
                0x00000000080008c0                HAL_GPIO_TogglePin
 .text.HAL_RCC_OscConfig
                0x00000000080008e0      0x4a4 ./system/src/stm32f4-hal/stm32f4xx_hal_rcc.o
                0x00000000080008e0                HAL_RCC_OscConfig
 .text.HAL_RCC_ClockConfig
                0x0000000008000d84      0x368 ./system/src/stm32f4-hal/stm32f4xx_hal_rcc.o
                0x0000000008000d84                HAL_RCC_ClockConfig
 .text.HAL_RCC_GetSysClockFreq
                0x00000000080010ec       0x94 ./system/src/stm32f4-hal/stm32f4xx_hal_rcc.o
                0x00000000080010ec                HAL_RCC_GetSysClockFreq
 .text.HAL_RCC_GetHCLKFreq
                0x0000000008001180       0x34 ./system/src/stm32f4-hal/stm32f4xx_hal_rcc.o
                0x0000000008001180                HAL_RCC_GetHCLKFreq
 .text.HAL_RCC_GetPCLK1Freq
                0x00000000080011b4       0x2c ./system/src/stm32f4-hal/stm32f4xx_hal_rcc.o
                0x00000000080011b4                HAL_RCC_GetPCLK1Freq
 .text.HAL_RCC_GetPCLK2Freq
                0x00000000080011e0       0x2c ./system/src/stm32f4-hal/stm32f4xx_hal_rcc.o
                0x00000000080011e0                HAL_RCC_GetPCLK2Freq
 .text._exit    0x000000000800120c        0x4 ./system/src/newlib/_exit.o
                0x000000000800120c                _exit
 .text.abort    0x0000000008001210       0x14 ./system/src/newlib/_exit.o
                0x0000000008001210                abort
 .text._sbrk    0x0000000008001224       0x44 ./system/src/newlib/_sbrk.o
                0x0000000008001224                _sbrk
 .text.__initialize_args
                0x0000000008001268       0x10 ./system/src/newlib/_syscalls.o
                0x0000000008001268                __initialize_args
 .text.assert_failed
                0x0000000008001278       0x18 ./system/src/newlib/assert.o
                0x0000000008001278                assert_failed
 .text.trace_printf
                0x0000000008001290       0x34 ./system/src/diag/Trace.o
                0x0000000008001290                trace_printf
 .text.trace_puts
                0x00000000080012c4       0x20 ./system/src/diag/Trace.o
                0x00000000080012c4                trace_puts
 .text._trace_write_semihosting_debug
                0x00000000080012e4       0x64 ./system/src/diag/trace_impl.o
 .text.trace_write
                0x0000000008001348        0x8 ./system/src/diag/trace_impl.o
                0x0000000008001348                trace_write
 .text.__initialize_hardware_early
                0x0000000008001350       0x18 ./system/src/cortexm/_initialize_hardware.o
                0x0000000008001350                __initialize_hardware_early
 .text.dumpExceptionStack
                0x0000000008001368       0xf0 ./system/src/cortexm/exception_handlers.o
                0x0000000008001368                dumpExceptionStack
 .text.isSemihosting
                0x0000000008001458       0x20 ./system/src/cortexm/exception_handlers.o
                0x0000000008001458                isSemihosting
 .text.SystemInit
                0x0000000008001478       0x40 ./system/src/cmsis/system_stm32f4xx.o
                0x0000000008001478                SystemInit
 .text.SystemCoreClockUpdate
                0x00000000080014b8       0xa0 ./system/src/cmsis/system_stm32f4xx.o
                0x00000000080014b8                SystemCoreClockUpdate
 .text.SystemClock_Config
                0x0000000008001558       0xa0 ./src/_initialize_hardware.o
                0x0000000008001558                SystemClock_Config
 .text.__initialize_hardware
                0x00000000080015f8       0x10 ./src/_initialize_hardware.o
                0x00000000080015f8                __initialize_hardware
 .text.MX_GPIO_Init
                0x0000000008001608       0x88 ./src/main.o
 .text.MX_USART2_UART_Init
                0x0000000008001690       0x2c ./src/main.o
 .text.main     0x00000000080016bc       0x64 ./src/main.o
                0x00000000080016bc                main
 .text.HAL_MspInit
                0x0000000008001720       0x18 ./src/stm32f4xx_hal_msp.o
                0x0000000008001720                HAL_MspInit
 .text.HAL_UART_MspInit
                0x0000000008001738       0x4c ./src/stm32f4xx_hal_msp.o
                0x0000000008001738                HAL_UART_MspInit
 .text.UART_SetConfig
                0x0000000008001784      0x26c ./src/stm32f4xx_hal_uart.o
 .text.UART_WaitOnFlagUntilTimeout
                0x00000000080019f0       0xd4 ./src/stm32f4xx_hal_uart.o
 .text.HAL_UART_Init
                0x0000000008001ac4       0xf8 ./src/stm32f4xx_hal_uart.o
                0x0000000008001ac4                HAL_UART_Init
 .text.HAL_UART_Transmit
                0x0000000008001bbc       0xec ./src/stm32f4xx_hal_uart.o
                0x0000000008001bbc                HAL_UART_Transmit
 .text.__errno  0x0000000008001ca8        0xc /usr/bin/../lib/gcc/arm-none-eabi/4.9.3/../../../../arm-none-eabi/lib/armv7e-m/libg_nano.a(lib_a-errno.o)
                0x0000000008001ca8                __errno
 .text.sprintf  0x0000000008001cb4       0x48 /usr/bin/../lib/gcc/arm-none-eabi/4.9.3/../../../../arm-none-eabi/lib/armv7e-m/libg_nano.a(lib_a-sprintf.o)
                0x0000000008001cb4                sprintf
                0x0000000008001cb4                siprintf
 .text.strlen   0x0000000008001cfc       0x10 /usr/bin/../lib/gcc/arm-none-eabi/4.9.3/../../../../arm-none-eabi/lib/armv7e-m/libg_nano.a(lib_a-strlen.o)
                0x0000000008001cfc                strlen
 .text._vsnprintf_r
                0x0000000008001d0c       0x52 /usr/bin/../lib/gcc/arm-none-eabi/4.9.3/../../../../arm-none-eabi/lib/armv7e-m/libg_nano.a(lib_a-vsnprintf.o)
                0x0000000008001d0c                _vsnprintf_r
                0x0000000008001d0c                _vsniprintf_r
 *fill*         0x0000000008001d5e        0x2 
 .text.vsnprintf
                0x0000000008001d60       0x20 /usr/bin/../lib/gcc/arm-none-eabi/4.9.3/../../../../arm-none-eabi/lib/armv7e-m/libg_nano.a(lib_a-vsnprintf.o)
                0x0000000008001d60                vsnprintf
                0x0000000008001d60                vsniprintf
 .text.__ssputs_r
                0x0000000008001d80       0xb2 /usr/bin/../lib/gcc/arm-none-eabi/4.9.3/../../../../arm-none-eabi/lib/armv7e-m/libg_nano.a(lib_a-nano-svfprintf.o)
                0x0000000008001d80                __ssputs_r
 *fill*         0x0000000008001e32        0x2 
 .text._svfprintf_r
                0x0000000008001e34      0x1e4 /usr/bin/../lib/gcc/arm-none-eabi/4.9.3/../../../../arm-none-eabi/lib/armv7e-m/libg_nano.a(lib_a-nano-svfprintf.o)
                0x0000000008001e34                _svfprintf_r
                0x0000000008001e34                _svfiprintf_r
 .text._printf_common
                0x0000000008002018       0xea /usr/bin/../lib/gcc/arm-none-eabi/4.9.3/../../../../arm-none-eabi/lib/armv7e-m/libg_nano.a(lib_a-nano-vfprintf_i.o)
                0x0000000008002018                _printf_common
 *fill*         0x0000000008002102        0x2 
 .text._printf_i
                0x0000000008002104      0x240 /usr/bin/../lib/gcc/arm-none-eabi/4.9.3/../../../../arm-none-eabi/lib/armv7e-m/libg_nano.a(lib_a-nano-vfprintf_i.o)
                0x0000000008002104                _printf_i
 .text.memchr   0x0000000008002344       0x1e /usr/bin/../lib/gcc/arm-none-eabi/4.9.3/../../../../arm-none-eabi/lib/armv7e-m/libg_nano.a(lib_a-memchr.o)
                0x0000000008002344                memchr
 .text.memcpy   0x0000000008002362       0x16 /usr/bin/../lib/gcc/arm-none-eabi/4.9.3/../../../../arm-none-eabi/lib/armv7e-m/libg_nano.a(lib_a-memcpy.o)
                0x0000000008002362                memcpy
 .text.memmove  0x0000000008002378       0x36 /usr/bin/../lib/gcc/arm-none-eabi/4.9.3/../../../../arm-none-eabi/lib/armv7e-m/libg_nano.a(lib_a-memmove.o)
                0x0000000008002378                memmove
 *fill*         0x00000000080023ae        0x2 
 .text._free_r  0x00000000080023b0       0x88 /usr/bin/../lib/gcc/arm-none-eabi/4.9.3/../../../../arm-none-eabi/lib/armv7e-m/libg_nano.a(lib_a-nano-freer.o)
                0x00000000080023b0                _free_r
 .text._malloc_r
                0x0000000008002438       0xac /usr/bin/../lib/gcc/arm-none-eabi/4.9.3/../../../../arm-none-eabi/lib/armv7e-m/libg_nano.a(lib_a-nano-mallocr.o)
                0x0000000008002438                _malloc_r
 .text._realloc_r
                0x00000000080024e4       0x4c /usr/bin/../lib/gcc/arm-none-eabi/4.9.3/../../../../arm-none-eabi/lib/armv7e-m/libg_nano.a(lib_a-nano-reallocr.o)
                0x00000000080024e4                _realloc_r
 .text._sbrk_r  0x0000000008002530       0x20 /usr/bin/../lib/gcc/arm-none-eabi/4.9.3/../../../../arm-none-eabi/lib/armv7e-m/libg_nano.a(lib_a-sbrkr.o)
                0x0000000008002530                _sbrk_r
 .text._malloc_usable_size_r
                0x0000000008002550       0x14 /usr/bin/../lib/gcc/arm-none-eabi/4.9.3/../../../../arm-none-eabi/lib/armv7e-m/libg_nano.a(lib_a-nano-msizer.o)
                0x0000000008002550                _malloc_usable_size_r
 *(.rodata .rodata.* .constdata .constdata.*)
 .rodata.str1.4
                0x0000000008002564       0x31 ./system/src/stm32f4-hal/stm32f4xx_hal_cortex.o
 *fill*         0x0000000008002595        0x3 
 .rodata.str1.4
                0x0000000008002598       0x2f ./system/src/stm32f4-hal/stm32f4xx_hal_gpio.o
 *fill*         0x00000000080025c7        0x1 
 .rodata.APBAHBPrescTable
                0x00000000080025c8       0x10 ./system/src/stm32f4-hal/stm32f4xx_hal_rcc.o
                0x00000000080025c8                APBAHBPrescTable
 .rodata.str1.4
                0x00000000080025d8       0x2e ./system/src/stm32f4-hal/stm32f4xx_hal_rcc.o
 *fill*         0x0000000008002606        0x2 
 .rodata.str1.4
                0x0000000008002608       0x14 ./system/src/newlib/_exit.o
 .rodata.str1.4
                0x000000000800261c       0x6b ./system/src/newlib/assert.o
                                         0x6f (size before relaxing)
 *fill*         0x0000000008002687        0x1 
 .rodata.str1.4
                0x0000000008002688       0x29 ./system/src/diag/Trace.o
                                         0x2d (size before relaxing)
 *fill*         0x00000000080026b1        0x3 
 .rodata.str1.4
                0x00000000080026b4      0x146 ./system/src/cortexm/exception_handlers.o
 *fill*         0x00000000080027fa        0x2 
 .rodata.AHBPrescTable
                0x00000000080027fc       0x10 ./system/src/cmsis/system_stm32f4xx.o
                0x00000000080027fc                AHBPrescTable
 .rodata.str1.4
                0x000000000800280c       0x13 ./src/main.o
 *fill*         0x000000000800281f        0x1 
 .rodata.str1.4
                0x0000000008002820       0x1c ./src/stm32f4xx_hal_uart.o
 .rodata.str1.1
                0x000000000800283c        0x2 /usr/bin/../lib/gcc/arm-none-eabi/4.9.3/../../../../arm-none-eabi/lib/armv7e-m/libg_nano.a(lib_a-impure.o)
 .rodata.str1.1
                0x000000000800283e       0x11 /usr/bin/../lib/gcc/arm-none-eabi/4.9.3/../../../../arm-none-eabi/lib/armv7e-m/libg_nano.a(lib_a-nano-svfprintf.o)
 .rodata.str1.1
                0x000000000800284f       0x22 /usr/bin/../lib/gcc/arm-none-eabi/4.9.3/../../../../arm-none-eabi/lib/armv7e-m/libg_nano.a(lib_a-nano-vfprintf_i.o)
 *(vtable)
 *(.eh_frame*)
 *(.glue_7)
 .glue_7        0x0000000000000000        0x0 linker stubs
 *(.glue_7t)
 .glue_7t       0x0000000000000000        0x0 linker stubs

.vfp11_veneer   0x0000000008002874        0x0
 .vfp11_veneer  0x0000000000000000        0x0 linker stubs

.v4_bx          0x0000000008002874        0x0
 .v4_bx         0x0000000000000000        0x0 linker stubs

.iplt           0x0000000008002874        0x0
 .iplt          0x0000000000000000        0x0 ./system/src/stm32f4-hal/stm32f4xx_hal.o

.rel.dyn        0x0000000008002874        0x0
 .rel.iplt      0x0000000000000000        0x0 ./system/src/stm32f4-hal/stm32f4xx_hal.o

.ARM.extab
 *(.ARM.extab* .gnu.linkonce.armextab.*)
                0x0000000008002874                . = ALIGN (0x4)
                0x0000000008002874                __exidx_start = .

.ARM.exidx
 *(.ARM.exidx* .gnu.linkonce.armexidx.*)
                0x0000000008002874                __exidx_end = .
                0x0000000008002874                . = ALIGN (0x4)
                0x0000000008002874                _etext = .
                0x0000000008002874                __etext = .

.data_CCMRAM    0x0000000010000000        0x0 load address 0x0000000008002874
 FILL mask 0xff
 *(.data.CCMRAM .data.CCMRAM.*)
                0x0000000010000000                . = ALIGN (0x4)
                0x0000000008002874                _sidata = LOADADDR (.data)

.data           0x0000000020000000       0x78 load address 0x0000000008002874
 FILL mask 0xff
                0x0000000020000000                _sdata = .
                0x0000000020000000                __data_start__ = .
 *(.data_begin .data_begin.*)
 .data_begin    0x0000000020000000        0x4 ./system/src/newlib/_startup.o
 *(.data .data.*)
 .data.argv.4161
                0x0000000020000004        0x8 ./system/src/newlib/_syscalls.o
 .data.SystemCoreClock
                0x000000002000000c        0x4 ./system/src/cmsis/system_stm32f4xx.o
                0x000000002000000c                SystemCoreClock
 .data.impure_data
                0x0000000020000010       0x60 /usr/bin/../lib/gcc/arm-none-eabi/4.9.3/../../../../arm-none-eabi/lib/armv7e-m/libg_nano.a(lib_a-impure.o)
 .data._impure_ptr
                0x0000000020000070        0x4 /usr/bin/../lib/gcc/arm-none-eabi/4.9.3/../../../../arm-none-eabi/lib/armv7e-m/libg_nano.a(lib_a-impure.o)
                0x0000000020000070                _impure_ptr
 *(.data_end .data_end.*)
 .data_end      0x0000000020000074        0x4 ./system/src/newlib/_startup.o
                0x0000000020000078                . = ALIGN (0x4)
                0x0000000020000078                _edata = .
                0x0000000020000078                __data_end__ = .

.igot.plt       0x0000000020000078        0x0 load address 0x00000000080028ec
 .igot.plt      0x0000000000000000        0x0 ./system/src/stm32f4-hal/stm32f4xx_hal.o

.bss_CCMRAM     0x0000000010000000        0x0
 *(.bss.CCMRAM .bss.CCMRAM.*)

.bss            0x0000000020000078       0xe4
                0x0000000020000078                __bss_start__ = .
                0x0000000020000078                _sbss = .
 *(.bss_begin .bss_begin.*)
 .bss_begin     0x0000000020000078        0x4 ./system/src/newlib/_startup.o
 *(.bss .bss.*)
 .bss.uwTick    0x000000002000007c        0x4 ./system/src/stm32f4-hal/stm32f4xx_hal.o
 .bss.current_heap_end.3862
                0x0000000020000080        0x4 ./system/src/newlib/_sbrk.o
 .bss.name.4160
                0x0000000020000084        0x1 ./system/src/newlib/_syscalls.o
 *fill*         0x0000000020000085        0x3 
 .bss.buf.4998  0x0000000020000088       0x80 ./system/src/diag/Trace.o
 .bss.counter   0x0000000020000108        0x4 ./src/main.o
 .bss.__malloc_sbrk_start
                0x000000002000010c        0x4 /usr/bin/../lib/gcc/arm-none-eabi/4.9.3/../../../../arm-none-eabi/lib/armv7e-m/libg_nano.a(lib_a-nano-mallocr.o)
                0x000000002000010c                __malloc_sbrk_start
 .bss.__malloc_free_list
                0x0000000020000110        0x4 /usr/bin/../lib/gcc/arm-none-eabi/4.9.3/../../../../arm-none-eabi/lib/armv7e-m/libg_nano.a(lib_a-nano-mallocr.o)
                0x0000000020000110                __malloc_free_list
 *(COMMON)
 COMMON         0x0000000020000114        0x4 ./system/src/newlib/_syscalls.o
                0x0000000020000114                errno
 COMMON         0x0000000020000118       0x40 ./src/main.o
                0x0000000020000118                huart2
 *(.bss_end .bss_end.*)
 .bss_end       0x0000000020000158        0x4 ./system/src/newlib/_startup.o
                0x000000002000015c                . = ALIGN (0x4)
                0x000000002000015c                __bss_end__ = .
                0x000000002000015c                _ebss = .

.noinit_CCMRAM
 *(.noinit.CCMRAM .noinit.CCMRAM.*)

.noinit         0x000000002000015c        0x0
                0x000000002000015c                _noinit = .
 *(.noinit .noinit.*)
                0x000000002000015c                . = ALIGN (0x4)
                0x000000002000015c                _end_noinit = .
                0x000000002000015c                PROVIDE (end, _end_noinit)
                0x000000002000015c                PROVIDE (_end, _end_noinit)
                0x000000002000015c                PROVIDE (__end, _end_noinit)
                0x000000002000015c                PROVIDE (__end__, _end_noinit)

._check_stack   0x000000002000015c      0x100
                0x000000002000025c                . = (. + _Minimum_Stack_Size)
 *fill*         0x000000002000015c      0x100 

.b1text
 *(.b1text)
 *(.b1rodata)
 *(.b1rodata.*)

.eb0text
 *(.eb0text)
 *(.eb0rodata)
 *(.eb0rodata.*)

.eb1text
 *(.eb1text)
 *(.eb1rodata)
 *(.eb1rodata.*)

.eb2text
 *(.eb2text)
 *(.eb2rodata)
 *(.eb2rodata.*)

.eb3text
 *(.eb3text)
 *(.eb3rodata)
 *(.eb3rodata.*)

.stab
 *(.stab)

.stabstr
 *(.stabstr)

.stab.excl
 *(.stab.excl)

.stab.exclstr
 *(.stab.exclstr)

.stab.index
 *(.stab.index)

.stab.indexstr
 *(.stab.indexstr)

.comment        0x0000000000000000       0x70
 *(.comment)
 .comment       0x0000000000000000       0x70 ./system/src/stm32f4-hal/stm32f4xx_hal.o
                                         0x71 (size before relaxing)
 .comment       0x0000000000000000       0x71 ./system/src/stm32f4-hal/stm32f4xx_hal_cortex.o
 .comment       0x0000000000000000       0x71 ./system/src/stm32f4-hal/stm32f4xx_hal_gpio.o
 .comment       0x0000000000000000       0x71 ./system/src/stm32f4-hal/stm32f4xx_hal_rcc.o
 .comment       0x0000000000000000       0x71 ./system/src/newlib/_exit.o
 .comment       0x0000000000000000       0x71 ./system/src/newlib/_sbrk.o
 .comment       0x0000000000000000       0x71 ./system/src/newlib/_startup.o
 .comment       0x0000000000000000       0x71 ./system/src/newlib/_syscalls.o
 .comment       0x0000000000000000       0x71 ./system/src/newlib/assert.o
 .comment       0x0000000000000000       0x71 ./system/src/diag/Trace.o
 .comment       0x0000000000000000       0x71 ./system/src/diag/trace_impl.o
 .comment       0x0000000000000000       0x71 ./system/src/cortexm/_initialize_hardware.o
 .comment       0x0000000000000000       0x71 ./system/src/cortexm/exception_handlers.o
 .comment       0x0000000000000000       0x71 ./system/src/cmsis/system_stm32f4xx.o
 .comment       0x0000000000000000       0x71 ./system/src/cmsis/vectors_stm32f401xe.o
 .comment       0x0000000000000000       0x71 ./src/_initialize_hardware.o
 .comment       0x0000000000000000       0x71 ./src/main.o
 .comment       0x0000000000000000       0x71 ./src/stm32f4xx_hal_msp.o
 .comment       0x0000000000000000       0x71 ./src/stm32f4xx_hal_uart.o

.ARM.attributes
                0x0000000000000000       0x33
 .ARM.attributes
                0x0000000000000000       0x33 ./system/src/stm32f4-hal/stm32f4xx_hal.o
 .ARM.attributes
                0x0000000000000033       0x33 ./system/src/stm32f4-hal/stm32f4xx_hal_cortex.o
 .ARM.attributes
                0x0000000000000066       0x33 ./system/src/stm32f4-hal/stm32f4xx_hal_gpio.o
 .ARM.attributes
                0x0000000000000099       0x33 ./system/src/stm32f4-hal/stm32f4xx_hal_rcc.o
 .ARM.attributes
                0x00000000000000cc       0x33 ./system/src/newlib/_exit.o
 .ARM.attributes
                0x00000000000000ff       0x33 ./system/src/newlib/_sbrk.o
 .ARM.attributes
                0x0000000000000132       0x33 ./system/src/newlib/_startup.o
 .ARM.attributes
                0x0000000000000165       0x33 ./system/src/newlib/_syscalls.o
 .ARM.attributes
                0x0000000000000198       0x33 ./system/src/newlib/assert.o
 .ARM.attributes
                0x00000000000001cb       0x33 ./system/src/diag/Trace.o
 .ARM.attributes
                0x00000000000001fe       0x33 ./system/src/diag/trace_impl.o
 .ARM.attributes
                0x0000000000000231       0x33 ./system/src/cortexm/_initialize_hardware.o
 .ARM.attributes
                0x0000000000000264       0x33 ./system/src/cortexm/exception_handlers.o
 .ARM.attributes
                0x0000000000000297       0x33 ./system/src/cmsis/system_stm32f4xx.o
 .ARM.attributes
                0x00000000000002ca       0x33 ./system/src/cmsis/vectors_stm32f401xe.o
 .ARM.attributes
                0x00000000000002fd       0x33 ./src/_initialize_hardware.o
 .ARM.attributes
                0x0000000000000330       0x33 ./src/main.o
 .ARM.attributes
                0x0000000000000363       0x33 ./src/stm32f4xx_hal_msp.o
 .ARM.attributes
                0x0000000000000396       0x33 ./src/stm32f4xx_hal_uart.o
 .ARM.attributes
                0x00000000000003c9       0x2e /usr/bin/../lib/gcc/arm-none-eabi/4.9.3/../../../../arm-none-eabi/lib/armv7e-m/libg_nano.a(lib_a-errno.o)
 .ARM.attributes
                0x00000000000003f7       0x2e /usr/bin/../lib/gcc/arm-none-eabi/4.9.3/../../../../arm-none-eabi/lib/armv7e-m/libg_nano.a(lib_a-impure.o)
 .ARM.attributes
                0x0000000000000425       0x2e /usr/bin/../lib/gcc/arm-none-eabi/4.9.3/../../../../arm-none-eabi/lib/armv7e-m/libg_nano.a(lib_a-sprintf.o)
 .ARM.attributes
                0x0000000000000453       0x2e /usr/bin/../lib/gcc/arm-none-eabi/4.9.3/../../../../arm-none-eabi/lib/armv7e-m/libg_nano.a(lib_a-strlen.o)
 .ARM.attributes
                0x0000000000000481       0x2e /usr/bin/../lib/gcc/arm-none-eabi/4.9.3/../../../../arm-none-eabi/lib/armv7e-m/libg_nano.a(lib_a-vsnprintf.o)
 .ARM.attributes
                0x00000000000004af       0x2e /usr/bin/../lib/gcc/arm-none-eabi/4.9.3/../../../../arm-none-eabi/lib/armv7e-m/libg_nano.a(lib_a-nano-svfprintf.o)
 .ARM.attributes
                0x00000000000004dd       0x2e /usr/bin/../lib/gcc/arm-none-eabi/4.9.3/../../../../arm-none-eabi/lib/armv7e-m/libg_nano.a(lib_a-nano-vfprintf_i.o)
 .ARM.attributes
                0x000000000000050b       0x2e /usr/bin/../lib/gcc/arm-none-eabi/4.9.3/../../../../arm-none-eabi/lib/armv7e-m/libg_nano.a(lib_a-memchr.o)
 .ARM.attributes
                0x0000000000000539       0x2e /usr/bin/../lib/gcc/arm-none-eabi/4.9.3/../../../../arm-none-eabi/lib/armv7e-m/libg_nano.a(lib_a-memcpy.o)
 .ARM.attributes
                0x0000000000000567       0x2e /usr/bin/../lib/gcc/arm-none-eabi/4.9.3/../../../../arm-none-eabi/lib/armv7e-m/libg_nano.a(lib_a-memmove.o)
 .ARM.attributes
                0x0000000000000595       0x2e /usr/bin/../lib/gcc/arm-none-eabi/4.9.3/../../../../arm-none-eabi/lib/armv7e-m/libg_nano.a(lib_a-nano-freer.o)
 .ARM.attributes
                0x00000000000005c3       0x2e /usr/bin/../lib/gcc/arm-none-eabi/4.9.3/../../../../arm-none-eabi/lib/armv7e-m/libg_nano.a(lib_a-nano-mallocr.o)
 .ARM.attributes
                0x00000000000005f1       0x2e /usr/bin/../lib/gcc/arm-none-eabi/4.9.3/../../../../arm-none-eabi/lib/armv7e-m/libg_nano.a(lib_a-nano-reallocr.o)
 .ARM.attributes
                0x000000000000061f       0x2e /usr/bin/../lib/gcc/arm-none-eabi/4.9.3/../../../../arm-none-eabi/lib/armv7e-m/libg_nano.a(lib_a-sbrkr.o)
 .ARM.attributes
                0x000000000000064d       0x2e /usr/bin/../lib/gcc/arm-none-eabi/4.9.3/../../../../arm-none-eabi/lib/armv7e-m/libg_nano.a(lib_a-nano-msizer.o)

.debug
 *(.debug)

.line
 *(.line)

.debug_srcinfo
 *(.debug_srcinfo)

.debug_sfnames
 *(.debug_sfnames)

.debug_aranges  0x0000000000000000      0x678
 *(.debug_aranges)
 .debug_aranges
                0x0000000000000000       0xc0 ./system/src/stm32f4-hal/stm32f4xx_hal.o
 .debug_aranges
                0x00000000000000c0       0x98 ./system/src/stm32f4-hal/stm32f4xx_hal_cortex.o
 .debug_aranges
                0x0000000000000158       0x58 ./system/src/stm32f4-hal/stm32f4xx_hal_gpio.o
 .debug_aranges
                0x00000000000001b0       0x88 ./system/src/stm32f4-hal/stm32f4xx_hal_rcc.o
 .debug_aranges
                0x0000000000000238       0x28 ./system/src/newlib/_exit.o
 .debug_aranges
                0x0000000000000260       0x20 ./system/src/newlib/_sbrk.o
 .debug_aranges
                0x0000000000000280       0x40 ./system/src/newlib/_startup.o
 .debug_aranges
                0x00000000000002c0       0x30 ./system/src/newlib/_syscalls.o
 .debug_aranges
                0x00000000000002f0       0x28 ./system/src/newlib/assert.o
 .debug_aranges
                0x0000000000000318       0x38 ./system/src/diag/Trace.o
 .debug_aranges
                0x0000000000000350       0x30 ./system/src/diag/trace_impl.o
 .debug_aranges
                0x0000000000000380       0x28 ./system/src/cortexm/_initialize_hardware.o
 .debug_aranges
                0x00000000000003a8       0x90 ./system/src/cortexm/exception_handlers.o
 .debug_aranges
                0x0000000000000438       0x28 ./system/src/cmsis/system_stm32f4xx.o
 .debug_aranges
                0x0000000000000460       0x20 ./system/src/cmsis/vectors_stm32f401xe.o
 .debug_aranges
                0x0000000000000480       0x30 ./src/_initialize_hardware.o
 .debug_aranges
                0x00000000000004b0       0x30 ./src/main.o
 .debug_aranges
                0x00000000000004e0       0x48 ./src/stm32f4xx_hal_msp.o
 .debug_aranges
                0x0000000000000528      0x150 ./src/stm32f4xx_hal_uart.o

.debug_pubnames
 *(.debug_pubnames)

.debug_info     0x0000000000000000     0x8519
 *(.debug_info .gnu.linkonce.wi.*)
 .debug_info    0x0000000000000000      0x87d ./system/src/stm32f4-hal/stm32f4xx_hal.o
 .debug_info    0x000000000000087d     0x1079 ./system/src/stm32f4-hal/stm32f4xx_hal_cortex.o
 .debug_info    0x00000000000018f6      0x86b ./system/src/stm32f4-hal/stm32f4xx_hal_gpio.o
 .debug_info    0x0000000000002161     0x1022 ./system/src/stm32f4-hal/stm32f4xx_hal_rcc.o
 .debug_info    0x0000000000003183      0x100 ./system/src/newlib/_exit.o
 .debug_info    0x0000000000003283      0x125 ./system/src/newlib/_sbrk.o
 .debug_info    0x00000000000033a8      0x50f ./system/src/newlib/_startup.o
 .debug_info    0x00000000000038b7      0x1bc ./system/src/newlib/_syscalls.o
 .debug_info    0x0000000000003a73      0x1b0 ./system/src/newlib/assert.o
 .debug_info    0x0000000000003c23      0x32b ./system/src/diag/Trace.o
 .debug_info    0x0000000000003f4e      0x304 ./system/src/diag/trace_impl.o
 .debug_info    0x0000000000004252      0x2ad ./system/src/cortexm/_initialize_hardware.o
 .debug_info    0x00000000000044ff      0x8f2 ./system/src/cortexm/exception_handlers.o
 .debug_info    0x0000000000004df1      0x4a5 ./system/src/cmsis/system_stm32f4xx.o
 .debug_info    0x0000000000005296       0xd1 ./system/src/cmsis/vectors_stm32f401xe.o
 .debug_info    0x0000000000005367      0x757 ./src/_initialize_hardware.o
 .debug_info    0x0000000000005abe      0xabe ./src/main.o
 .debug_info    0x000000000000657c      0xaa6 ./src/stm32f4xx_hal_msp.o
 .debug_info    0x0000000000007022     0x14f7 ./src/stm32f4xx_hal_uart.o

.debug_abbrev   0x0000000000000000     0x1fc2
 *(.debug_abbrev)
 .debug_abbrev  0x0000000000000000      0x286 ./system/src/stm32f4-hal/stm32f4xx_hal.o
 .debug_abbrev  0x0000000000000286      0x2fc ./system/src/stm32f4-hal/stm32f4xx_hal_cortex.o
 .debug_abbrev  0x0000000000000582      0x209 ./system/src/stm32f4-hal/stm32f4xx_hal_gpio.o
 .debug_abbrev  0x000000000000078b      0x306 ./system/src/stm32f4-hal/stm32f4xx_hal_rcc.o
 .debug_abbrev  0x0000000000000a91       0xa4 ./system/src/newlib/_exit.o
 .debug_abbrev  0x0000000000000b35       0xbb ./system/src/newlib/_sbrk.o
 .debug_abbrev  0x0000000000000bf0      0x211 ./system/src/newlib/_startup.o
 .debug_abbrev  0x0000000000000e01       0xee ./system/src/newlib/_syscalls.o
 .debug_abbrev  0x0000000000000eef       0xc9 ./system/src/newlib/assert.o
 .debug_abbrev  0x0000000000000fb8      0x178 ./system/src/diag/Trace.o
 .debug_abbrev  0x0000000000001130      0x1bd ./system/src/diag/trace_impl.o
 .debug_abbrev  0x00000000000012ed       0xea ./system/src/cortexm/_initialize_hardware.o
 .debug_abbrev  0x00000000000013d7      0x23e ./system/src/cortexm/exception_handlers.o
 .debug_abbrev  0x0000000000001615      0x104 ./system/src/cmsis/system_stm32f4xx.o
 .debug_abbrev  0x0000000000001719       0x9d ./system/src/cmsis/vectors_stm32f401xe.o
 .debug_abbrev  0x00000000000017b6      0x1af ./src/_initialize_hardware.o
 .debug_abbrev  0x0000000000001965      0x216 ./src/main.o
 .debug_abbrev  0x0000000000001b7b      0x1c2 ./src/stm32f4xx_hal_msp.o
 .debug_abbrev  0x0000000000001d3d      0x285 ./src/stm32f4xx_hal_uart.o

.debug_line     0x0000000000000000     0x8c36
 *(.debug_line)
 .debug_line    0x0000000000000000      0xa24 ./system/src/stm32f4-hal/stm32f4xx_hal.o
 .debug_line    0x0000000000000a24      0xb08 ./system/src/stm32f4-hal/stm32f4xx_hal_cortex.o
 .debug_line    0x000000000000152c      0xb3e ./system/src/stm32f4-hal/stm32f4xx_hal_gpio.o
 .debug_line    0x000000000000206a      0xd3f ./system/src/stm32f4-hal/stm32f4xx_hal_rcc.o
 .debug_line    0x0000000000002da9      0x1fe ./system/src/newlib/_exit.o
 .debug_line    0x0000000000002fa7      0x1ac ./system/src/newlib/_sbrk.o
 .debug_line    0x0000000000003153      0x27c ./system/src/newlib/_startup.o
 .debug_line    0x00000000000033cf      0x2a6 ./system/src/newlib/_syscalls.o
 .debug_line    0x0000000000003675      0x235 ./system/src/newlib/assert.o
 .debug_line    0x00000000000038aa      0x259 ./system/src/diag/Trace.o
 .debug_line    0x0000000000003b03      0x95f ./system/src/diag/trace_impl.o
 .debug_line    0x0000000000004462      0x8c8 ./system/src/cortexm/_initialize_hardware.o
 .debug_line    0x0000000000004d2a      0xa0e ./system/src/cortexm/exception_handlers.o
 .debug_line    0x0000000000005738      0x8c8 ./system/src/cmsis/system_stm32f4xx.o
 .debug_line    0x0000000000006000       0xd6 ./system/src/cmsis/vectors_stm32f401xe.o
 .debug_line    0x00000000000060d6      0x8ce ./src/_initialize_hardware.o
 .debug_line    0x00000000000069a4      0x921 ./src/main.o
 .debug_line    0x00000000000072c5      0x8f3 ./src/stm32f4xx_hal_msp.o
 .debug_line    0x0000000000007bb8     0x107e ./src/stm32f4xx_hal_uart.o

.debug_frame    0x0000000000000000     0x11ac
 *(.debug_frame)
 .debug_frame   0x0000000000000000      0x188 ./system/src/stm32f4-hal/stm32f4xx_hal.o
 .debug_frame   0x0000000000000188      0x17c ./system/src/stm32f4-hal/stm32f4xx_hal_cortex.o
 .debug_frame   0x0000000000000304       0xfc ./system/src/stm32f4-hal/stm32f4xx_hal_gpio.o
 .debug_frame   0x0000000000000400      0x144 ./system/src/stm32f4-hal/stm32f4xx_hal_rcc.o
 .debug_frame   0x0000000000000544       0x38 ./system/src/newlib/_exit.o
 .debug_frame   0x000000000000057c       0x28 ./system/src/newlib/_sbrk.o
 .debug_frame   0x00000000000005a4       0x7c ./system/src/newlib/_startup.o
 .debug_frame   0x0000000000000620       0x50 ./system/src/newlib/_syscalls.o
 .debug_frame   0x0000000000000670       0x40 ./system/src/newlib/assert.o
 .debug_frame   0x00000000000006b0       0x94 ./system/src/diag/Trace.o
 .debug_frame   0x0000000000000744       0x60 ./system/src/diag/trace_impl.o
 .debug_frame   0x00000000000007a4       0x40 ./system/src/cortexm/_initialize_hardware.o
 .debug_frame   0x00000000000007e4      0x158 ./system/src/cortexm/exception_handlers.o
 .debug_frame   0x000000000000093c       0x30 ./system/src/cmsis/system_stm32f4xx.o
 .debug_frame   0x000000000000096c       0x20 ./system/src/cmsis/vectors_stm32f401xe.o
 .debug_frame   0x000000000000098c       0x64 ./src/_initialize_hardware.o
 .debug_frame   0x00000000000009f0       0x60 ./src/main.o
 .debug_frame   0x0000000000000a50       0x90 ./src/stm32f4xx_hal_msp.o
 .debug_frame   0x0000000000000ae0      0x390 ./src/stm32f4xx_hal_uart.o
 .debug_frame   0x0000000000000e70       0x20 /usr/bin/../lib/gcc/arm-none-eabi/4.9.3/../../../../arm-none-eabi/lib/armv7e-m/libg_nano.a(lib_a-errno.o)
 .debug_frame   0x0000000000000e90       0x70 /usr/bin/../lib/gcc/arm-none-eabi/4.9.3/../../../../arm-none-eabi/lib/armv7e-m/libg_nano.a(lib_a-sprintf.o)
 .debug_frame   0x0000000000000f00       0x20 /usr/bin/../lib/gcc/arm-none-eabi/4.9.3/../../../../arm-none-eabi/lib/armv7e-m/libg_nano.a(lib_a-strlen.o)
 .debug_frame   0x0000000000000f20       0x50 /usr/bin/../lib/gcc/arm-none-eabi/4.9.3/../../../../arm-none-eabi/lib/armv7e-m/libg_nano.a(lib_a-vsnprintf.o)
 .debug_frame   0x0000000000000f70       0x8c /usr/bin/../lib/gcc/arm-none-eabi/4.9.3/../../../../arm-none-eabi/lib/armv7e-m/libg_nano.a(lib_a-nano-svfprintf.o)
 .debug_frame   0x0000000000000ffc       0x58 /usr/bin/../lib/gcc/arm-none-eabi/4.9.3/../../../../arm-none-eabi/lib/armv7e-m/libg_nano.a(lib_a-nano-vfprintf_i.o)
 .debug_frame   0x0000000000001054       0x28 /usr/bin/../lib/gcc/arm-none-eabi/4.9.3/../../../../arm-none-eabi/lib/armv7e-m/libg_nano.a(lib_a-memchr.o)
 .debug_frame   0x000000000000107c       0x28 /usr/bin/../lib/gcc/arm-none-eabi/4.9.3/../../../../arm-none-eabi/lib/armv7e-m/libg_nano.a(lib_a-memcpy.o)
 .debug_frame   0x00000000000010a4       0x28 /usr/bin/../lib/gcc/arm-none-eabi/4.9.3/../../../../arm-none-eabi/lib/armv7e-m/libg_nano.a(lib_a-memmove.o)
 .debug_frame   0x00000000000010cc       0x2c /usr/bin/../lib/gcc/arm-none-eabi/4.9.3/../../../../arm-none-eabi/lib/armv7e-m/libg_nano.a(lib_a-nano-freer.o)
 .debug_frame   0x00000000000010f8       0x2c /usr/bin/../lib/gcc/arm-none-eabi/4.9.3/../../../../arm-none-eabi/lib/armv7e-m/libg_nano.a(lib_a-nano-mallocr.o)
 .debug_frame   0x0000000000001124       0x3c /usr/bin/../lib/gcc/arm-none-eabi/4.9.3/../../../../arm-none-eabi/lib/armv7e-m/libg_nano.a(lib_a-nano-reallocr.o)
 .debug_frame   0x0000000000001160       0x2c /usr/bin/../lib/gcc/arm-none-eabi/4.9.3/../../../../arm-none-eabi/lib/armv7e-m/libg_nano.a(lib_a-sbrkr.o)
 .debug_frame   0x000000000000118c       0x20 /usr/bin/../lib/gcc/arm-none-eabi/4.9.3/../../../../arm-none-eabi/lib/armv7e-m/libg_nano.a(lib_a-nano-msizer.o)

.debug_str      0x0000000000000000    0x75a9a
 *(.debug_str)
 .debug_str     0x0000000000000000    0x715cb ./system/src/stm32f4-hal/stm32f4xx_hal.o
                                      0x719d0 (size before relaxing)
 .debug_str     0x00000000000715cb      0x3a2 ./system/src/stm32f4-hal/stm32f4xx_hal_cortex.o
                                      0x71843 (size before relaxing)
 .debug_str     0x000000000007196d      0x2d5 ./system/src/stm32f4-hal/stm32f4xx_hal_gpio.o
                                      0x713ab (size before relaxing)
 .debug_str     0x0000000000071c42      0x393 ./system/src/stm32f4-hal/stm32f4xx_hal_rcc.o
                                      0x71550 (size before relaxing)
 .debug_str     0x0000000000071fd5     0x1090 ./system/src/newlib/_exit.o
                                       0x6018 (size before relaxing)
 .debug_str     0x0000000000073065      0x4de ./system/src/newlib/_sbrk.o
                                       0x5429 (size before relaxing)
 .debug_str     0x0000000000073543      0x2cc ./system/src/newlib/_startup.o
                                       0x5067 (size before relaxing)
 .debug_str     0x000000000007380f     0x11be ./system/src/newlib/_syscalls.o
                                       0x6629 (size before relaxing)
 .debug_str     0x00000000000749cd       0xd5 ./system/src/newlib/assert.o
                                       0x6b21 (size before relaxing)
 .debug_str     0x0000000000074aa2      0x184 ./system/src/diag/Trace.o
                                       0x6939 (size before relaxing)
 .debug_str     0x0000000000074c26      0x372 ./system/src/diag/trace_impl.o
                                      0x7224c (size before relaxing)
 .debug_str     0x0000000000074f98       0x5e ./system/src/cortexm/_initialize_hardware.o
                                      0x7105e (size before relaxing)
 .debug_str     0x0000000000074ff6      0x19d ./system/src/cortexm/exception_handlers.o
                                      0x723d3 (size before relaxing)
 .debug_str     0x0000000000075193       0x46 ./system/src/cmsis/system_stm32f4xx.o
                                      0x71147 (size before relaxing)
 .debug_str     0x00000000000751d9       0x59 ./system/src/cmsis/vectors_stm32f401xe.o
                                       0x3079 (size before relaxing)
 .debug_str     0x0000000000075232       0x31 ./src/_initialize_hardware.o
                                      0x71644 (size before relaxing)
 .debug_str     0x0000000000075263      0x46f ./src/main.o
                                      0x7264d (size before relaxing)
 .debug_str     0x00000000000756d2       0x67 ./src/stm32f4xx_hal_msp.o
                                      0x7196f (size before relaxing)
 .debug_str     0x0000000000075739      0x361 ./src/stm32f4xx_hal_uart.o
                                      0x71818 (size before relaxing)

.debug_loc      0x0000000000000000     0x2e2a
 *(.debug_loc)
 .debug_loc     0x0000000000000000       0x90 ./system/src/stm32f4-hal/stm32f4xx_hal.o
 .debug_loc     0x0000000000000090      0x61b ./system/src/stm32f4-hal/stm32f4xx_hal_cortex.o
 .debug_loc     0x00000000000006ab      0x4af ./system/src/stm32f4-hal/stm32f4xx_hal_gpio.o
 .debug_loc     0x0000000000000b5a      0x6d7 ./system/src/stm32f4-hal/stm32f4xx_hal_rcc.o
 .debug_loc     0x0000000000001231       0x82 ./system/src/newlib/_sbrk.o
 .debug_loc     0x00000000000012b3      0x36e ./system/src/newlib/_startup.o
 .debug_loc     0x0000000000001621       0x63 ./system/src/newlib/_syscalls.o
 .debug_loc     0x0000000000001684       0xec ./system/src/newlib/assert.o
 .debug_loc     0x0000000000001770       0xf7 ./system/src/diag/Trace.o
 .debug_loc     0x0000000000001867      0x17c ./system/src/diag/trace_impl.o
 .debug_loc     0x00000000000019e3      0x2a8 ./system/src/cortexm/exception_handlers.o
 .debug_loc     0x0000000000001c8b      0x137 ./system/src/cmsis/system_stm32f4xx.o
 .debug_loc     0x0000000000001dc2       0x42 ./src/main.o
 .debug_loc     0x0000000000001e04       0x4d ./src/stm32f4xx_hal_msp.o
 .debug_loc     0x0000000000001e51      0xfd9 ./src/stm32f4xx_hal_uart.o

.debug_macinfo
 *(.debug_macinfo)

.debug_weaknames
 *(.debug_weaknames)

.debug_funcnames
 *(.debug_funcnames)

.debug_typenames
 *(.debug_typenames)

.debug_varnames
 *(.debug_varnames)
OUTPUT(F4Test1.elf elf32-littlearm)

.debug_ranges   0x0000000000000000      0x578
 .debug_ranges  0x0000000000000000       0xb0 ./system/src/stm32f4-hal/stm32f4xx_hal.o
 .debug_ranges  0x00000000000000b0       0x88 ./system/src/stm32f4-hal/stm32f4xx_hal_cortex.o
 .debug_ranges  0x0000000000000138       0x48 ./system/src/stm32f4-hal/stm32f4xx_hal_gpio.o
 .debug_ranges  0x0000000000000180       0x78 ./system/src/stm32f4-hal/stm32f4xx_hal_rcc.o
 .debug_ranges  0x00000000000001f8       0x18 ./system/src/newlib/_exit.o
 .debug_ranges  0x0000000000000210       0x10 ./system/src/newlib/_sbrk.o
 .debug_ranges  0x0000000000000220       0x30 ./system/src/newlib/_startup.o
 .debug_ranges  0x0000000000000250       0x20 ./system/src/newlib/_syscalls.o
 .debug_ranges  0x0000000000000270       0x18 ./system/src/newlib/assert.o
 .debug_ranges  0x0000000000000288       0x28 ./system/src/diag/Trace.o
 .debug_ranges  0x00000000000002b0       0x38 ./system/src/diag/trace_impl.o
 .debug_ranges  0x00000000000002e8       0x18 ./system/src/cortexm/_initialize_hardware.o
 .debug_ranges  0x0000000000000300       0x98 ./system/src/cortexm/exception_handlers.o
 .debug_ranges  0x0000000000000398       0x18 ./system/src/cmsis/system_stm32f4xx.o
 .debug_ranges  0x00000000000003b0       0x10 ./system/src/cmsis/vectors_stm32f401xe.o
 .debug_ranges  0x00000000000003c0       0x20 ./src/_initialize_hardware.o
 .debug_ranges  0x00000000000003e0       0x20 ./src/main.o
 .debug_ranges  0x0000000000000400       0x38 ./src/stm32f4xx_hal_msp.o
 .debug_ranges  0x0000000000000438      0x140 ./src/stm32f4xx_hal_uart.o

.debug_macro    0x0000000000000000    0x14b6e
 .debug_macro   0x0000000000000000      0x4ad ./system/src/stm32f4-hal/stm32f4xx_hal.o
 .debug_macro   0x00000000000004ad      0x898 ./system/src/stm32f4-hal/stm32f4xx_hal.o
 .debug_macro   0x0000000000000d45       0x58 ./system/src/stm32f4-hal/stm32f4xx_hal.o
 .debug_macro   0x0000000000000d9d      0x270 ./system/src/stm32f4-hal/stm32f4xx_hal.o
 .debug_macro   0x000000000000100d       0x2e ./system/src/stm32f4-hal/stm32f4xx_hal.o
 .debug_macro   0x000000000000103b       0x28 ./system/src/stm32f4-hal/stm32f4xx_hal.o
 .debug_macro   0x0000000000001063      0x34e ./system/src/stm32f4-hal/stm32f4xx_hal.o
 .debug_macro   0x00000000000013b1       0x35 ./system/src/stm32f4-hal/stm32f4xx_hal.o
 .debug_macro   0x00000000000013e6       0x50 ./system/src/stm32f4-hal/stm32f4xx_hal.o
 .debug_macro   0x0000000000001436      0xe66 ./system/src/stm32f4-hal/stm32f4xx_hal.o
 .debug_macro   0x000000000000229c     0x501b ./system/src/stm32f4-hal/stm32f4xx_hal.o
 .debug_macro   0x00000000000072b7       0x43 ./system/src/stm32f4-hal/stm32f4xx_hal.o
 .debug_macro   0x00000000000072fa     0x3222 ./system/src/stm32f4-hal/stm32f4xx_hal.o
 .debug_macro   0x000000000000a51c       0x58 ./system/src/stm32f4-hal/stm32f4xx_hal.o
 .debug_macro   0x000000000000a574       0x22 ./system/src/stm32f4-hal/stm32f4xx_hal.o
 .debug_macro   0x000000000000a596       0x35 ./system/src/stm32f4-hal/stm32f4xx_hal.o
 .debug_macro   0x000000000000a5cb       0x9c ./system/src/stm32f4-hal/stm32f4xx_hal.o
 .debug_macro   0x000000000000a667       0x16 ./system/src/stm32f4-hal/stm32f4xx_hal.o
 .debug_macro   0x000000000000a67d       0x4a ./system/src/stm32f4-hal/stm32f4xx_hal.o
 .debug_macro   0x000000000000a6c7       0x97 ./system/src/stm32f4-hal/stm32f4xx_hal.o
 .debug_macro   0x000000000000a75e      0x27a ./system/src/stm32f4-hal/stm32f4xx_hal.o
 .debug_macro   0x000000000000a9d8       0xf6 ./system/src/stm32f4-hal/stm32f4xx_hal.o
 .debug_macro   0x000000000000aace       0x10 ./system/src/stm32f4-hal/stm32f4xx_hal.o
 .debug_macro   0x000000000000aade       0x52 ./system/src/stm32f4-hal/stm32f4xx_hal.o
 .debug_macro   0x000000000000ab30       0x16 ./system/src/stm32f4-hal/stm32f4xx_hal.o
 .debug_macro   0x000000000000ab46       0x43 ./system/src/stm32f4-hal/stm32f4xx_hal.o
 .debug_macro   0x000000000000ab89      0x180 ./system/src/stm32f4-hal/stm32f4xx_hal.o
 .debug_macro   0x000000000000ad09       0x10 ./system/src/stm32f4-hal/stm32f4xx_hal.o
 .debug_macro   0x000000000000ad19       0x22 ./system/src/stm32f4-hal/stm32f4xx_hal.o
 .debug_macro   0x000000000000ad3b       0x22 ./system/src/stm32f4-hal/stm32f4xx_hal.o
 .debug_macro   0x000000000000ad5d       0xbe ./system/src/stm32f4-hal/stm32f4xx_hal.o
 .debug_macro   0x000000000000ae1b       0x16 ./system/src/stm32f4-hal/stm32f4xx_hal.o
 .debug_macro   0x000000000000ae31      0x197 ./system/src/stm32f4-hal/stm32f4xx_hal.o
 .debug_macro   0x000000000000afc8       0x57 ./system/src/stm32f4-hal/stm32f4xx_hal.o
 .debug_macro   0x000000000000b01f      0x352 ./system/src/stm32f4-hal/stm32f4xx_hal.o
 .debug_macro   0x000000000000b371      0x8b5 ./system/src/stm32f4-hal/stm32f4xx_hal.o
 .debug_macro   0x000000000000bc26      0x11e ./system/src/stm32f4-hal/stm32f4xx_hal.o
 .debug_macro   0x000000000000bd44       0xf8 ./system/src/stm32f4-hal/stm32f4xx_hal.o
 .debug_macro   0x000000000000be3c       0x27 ./system/src/stm32f4-hal/stm32f4xx_hal.o
 .debug_macro   0x000000000000be63      0x272 ./system/src/stm32f4-hal/stm32f4xx_hal.o
 .debug_macro   0x000000000000c0d5       0x5f ./system/src/stm32f4-hal/stm32f4xx_hal.o
 .debug_macro   0x000000000000c134      0x241 ./system/src/stm32f4-hal/stm32f4xx_hal.o
 .debug_macro   0x000000000000c375      0x31a ./system/src/stm32f4-hal/stm32f4xx_hal.o
 .debug_macro   0x000000000000c68f      0x162 ./system/src/stm32f4-hal/stm32f4xx_hal.o
 .debug_macro   0x000000000000c7f1       0xd6 ./system/src/stm32f4-hal/stm32f4xx_hal.o
 .debug_macro   0x000000000000c8c7       0x23 ./system/src/stm32f4-hal/stm32f4xx_hal.o
 .debug_macro   0x000000000000c8ea      0x13a ./system/src/stm32f4-hal/stm32f4xx_hal.o
 .debug_macro   0x000000000000ca24      0x264 ./system/src/stm32f4-hal/stm32f4xx_hal.o
 .debug_macro   0x000000000000cc88       0x2e ./system/src/stm32f4-hal/stm32f4xx_hal.o
 .debug_macro   0x000000000000ccb6      0x17d ./system/src/stm32f4-hal/stm32f4xx_hal.o
 .debug_macro   0x000000000000ce33       0x22 ./system/src/stm32f4-hal/stm32f4xx_hal.o
 .debug_macro   0x000000000000ce55       0x9e ./system/src/stm32f4-hal/stm32f4xx_hal.o
 .debug_macro   0x000000000000cef3      0x18b ./system/src/stm32f4-hal/stm32f4xx_hal.o
 .debug_macro   0x000000000000d07e       0x24 ./system/src/stm32f4-hal/stm32f4xx_hal.o
 .debug_macro   0x000000000000d0a2       0x35 ./system/src/stm32f4-hal/stm32f4xx_hal.o
 .debug_macro   0x000000000000d0d7       0x97 ./system/src/stm32f4-hal/stm32f4xx_hal.o
 .debug_macro   0x000000000000d16e      0x11e ./system/src/stm32f4-hal/stm32f4xx_hal.o
 .debug_macro   0x000000000000d28c       0x85 ./system/src/stm32f4-hal/stm32f4xx_hal.o
 .debug_macro   0x000000000000d311       0x89 ./system/src/stm32f4-hal/stm32f4xx_hal.o
 .debug_macro   0x000000000000d39a      0x31a ./system/src/stm32f4-hal/stm32f4xx_hal.o
 .debug_macro   0x000000000000d6b4      0x409 ./system/src/stm32f4-hal/stm32f4xx_hal.o
 .debug_macro   0x000000000000dabd       0xe4 ./system/src/stm32f4-hal/stm32f4xx_hal.o
 .debug_macro   0x000000000000dba1      0x48d ./system/src/stm32f4-hal/stm32f4xx_hal.o
 .debug_macro   0x000000000000e02e      0x22b ./system/src/stm32f4-hal/stm32f4xx_hal.o
 .debug_macro   0x000000000000e259      0x202 ./system/src/stm32f4-hal/stm32f4xx_hal.o
 .debug_macro   0x000000000000e45b      0x6d9 ./system/src/stm32f4-hal/stm32f4xx_hal.o
 .debug_macro   0x000000000000eb34       0x59 ./system/src/stm32f4-hal/stm32f4xx_hal.o
 .debug_macro   0x000000000000eb8d      0x14d ./system/src/stm32f4-hal/stm32f4xx_hal.o
 .debug_macro   0x000000000000ecda      0x287 ./system/src/stm32f4-hal/stm32f4xx_hal.o
 .debug_macro   0x000000000000ef61      0x225 ./system/src/stm32f4-hal/stm32f4xx_hal.o
 .debug_macro   0x000000000000f186      0x1b5 ./system/src/stm32f4-hal/stm32f4xx_hal.o
 .debug_macro   0x000000000000f33b      0x2db ./system/src/stm32f4-hal/stm32f4xx_hal.o
 .debug_macro   0x000000000000f616       0x94 ./system/src/stm32f4-hal/stm32f4xx_hal.o
 .debug_macro   0x000000000000f6aa      0x1df ./system/src/stm32f4-hal/stm32f4xx_hal.o
 .debug_macro   0x000000000000f889      0x11c ./system/src/stm32f4-hal/stm32f4xx_hal.o
 .debug_macro   0x000000000000f9a5       0x75 ./system/src/stm32f4-hal/stm32f4xx_hal.o
 .debug_macro   0x000000000000fa1a      0x11e ./system/src/stm32f4-hal/stm32f4xx_hal.o
 .debug_macro   0x000000000000fb38      0x45f ./system/src/stm32f4-hal/stm32f4xx_hal_cortex.o
 .debug_macro   0x000000000000ff97      0x497 ./system/src/stm32f4-hal/stm32f4xx_hal_gpio.o
 .debug_macro   0x000000000001042e      0x489 ./system/src/stm32f4-hal/stm32f4xx_hal_rcc.o
 .debug_macro   0x00000000000108b7      0x131 ./system/src/newlib/_exit.o
 .debug_macro   0x00000000000109e8      0x10e ./system/src/newlib/_exit.o
 .debug_macro   0x0000000000010af6       0x86 ./system/src/newlib/_exit.o
 .debug_macro   0x0000000000010b7c       0x35 ./system/src/newlib/_exit.o
 .debug_macro   0x0000000000010bb1       0xed ./system/src/newlib/_sbrk.o
 .debug_macro   0x0000000000010c9e      0x16d ./system/src/newlib/_sbrk.o
 .debug_macro   0x0000000000010e0b       0x10 ./system/src/newlib/_sbrk.o
 .debug_macro   0x0000000000010e1b      0x23b ./system/src/newlib/_sbrk.o
 .debug_macro   0x0000000000011056       0xf7 ./system/src/newlib/_startup.o
 .debug_macro   0x000000000001114d      0x89e ./system/src/newlib/_startup.o
 .debug_macro   0x00000000000119eb      0x1ad ./system/src/newlib/_syscalls.o
 .debug_macro   0x0000000000011b98       0x1c ./system/src/newlib/_syscalls.o
 .debug_macro   0x0000000000011bb4       0x10 ./system/src/newlib/_syscalls.o
 .debug_macro   0x0000000000011bc4       0x10 ./system/src/newlib/_syscalls.o
 .debug_macro   0x0000000000011bd4       0x10 ./system/src/newlib/_syscalls.o
 .debug_macro   0x0000000000011be4       0x10 ./system/src/newlib/_syscalls.o
 .debug_macro   0x0000000000011bf4       0x35 ./system/src/newlib/_syscalls.o
 .debug_macro   0x0000000000011c29      0x122 ./system/src/newlib/_syscalls.o
 .debug_macro   0x0000000000011d4b       0x2e ./system/src/newlib/_syscalls.o
 .debug_macro   0x0000000000011d79       0x82 ./system/src/newlib/_syscalls.o
 .debug_macro   0x0000000000011dfb       0x2b ./system/src/newlib/_syscalls.o
 .debug_macro   0x0000000000011e26      0x118 ./system/src/newlib/_syscalls.o
 .debug_macro   0x0000000000011f3e      0x159 ./system/src/newlib/_syscalls.o
 .debug_macro   0x0000000000012097       0x16 ./system/src/newlib/_syscalls.o
 .debug_macro   0x00000000000120ad      0x14d ./system/src/newlib/assert.o
 .debug_macro   0x00000000000121fa       0x1c ./system/src/newlib/assert.o
 .debug_macro   0x0000000000012216      0x15e ./system/src/diag/Trace.o
 .debug_macro   0x0000000000012374       0x52 ./system/src/diag/Trace.o
 .debug_macro   0x00000000000123c6       0x16 ./system/src/diag/Trace.o
 .debug_macro   0x00000000000123dc      0x4a5 ./system/src/diag/trace_impl.o
 .debug_macro   0x0000000000012881       0x22 ./system/src/diag/trace_impl.o
 .debug_macro   0x00000000000128a3      0x469 ./system/src/cortexm/_initialize_hardware.o
 .debug_macro   0x0000000000012d0c      0x4be ./system/src/cortexm/exception_handlers.o
 .debug_macro   0x00000000000131ca       0x3b ./system/src/cortexm/exception_handlers.o
 .debug_macro   0x0000000000013205      0x465 ./system/src/cmsis/system_stm32f4xx.o
 .debug_macro   0x000000000001366a       0x34 ./system/src/cmsis/vectors_stm32f401xe.o
 .debug_macro   0x000000000001369e      0x45f ./src/_initialize_hardware.o
 .debug_macro   0x0000000000013afd      0x520 ./src/main.o
 .debug_macro   0x000000000001401d      0x281 ./src/main.o
 .debug_macro   0x000000000001429e      0x45f ./src/stm32f4xx_hal_msp.o
 .debug_macro   0x00000000000146fd      0x471 ./src/stm32f4xx_hal_uart.o
